21-01-14 12:14-INFO-just play
